______
111101
110001
111111
011101
101100
111111
111100
000111
111101
111111
111001
~~~~~~
