_____________
XX XX XXX  XX
 XXXX XXXXXX 
XXXXXXXXXXX  
XX  XX  XXX X
X  X XXXX XXX
XXX X XXXXXXX
X XXXXXXXXXX 
XX  X   XXXXX
X  XXXXX  X X
   XXXXXXXX  
 XXXXX  XX  X
XXXXX X XXX X
 XXXX X XXXXX
XXXX X X  XXX
XXXX  XX XXX 
X XXX  XX XXX
 XXXX XXXXXX 
~~~~~~~~~~~~~
