_________
 XXXXXXXX
 XX X XXX
  XXXXXXX
 XX XXX X
  X XXX X
XX X  X X
 X   X   
XX XX  XX
XX XXXXXX
XXX XXXXX
  XXXX XX
X  X XX X
~~~~~~~~~
