_____________
1111110000111
1111111110111
1001110101010
1111001101101
1101111100001
1111110000100
0010110101001
1111001000011
1011111001110
0010111010010
1011011010010
0101101111011
1110111111111
~~~~~~~~~~~~~
