__________________________
01111010110100111101011100
11111101110111111001001111
11011100110101111011111100
11111110110011111111001010
11001001001101011111111110
01111110101101111011010110
01111110001111110110100011
11100010011111111101101011
11101011111001110011011100
01101110011011000001111110
11111111100100110101111111
11010101111011011011011101
11101110111000011111111101
11111001010100001111111010
00001100111110111011011101
11001001111110111111110101
01110000011000110110001111
10101010001101000010011011
01111010001111111011111100
01111101111000001010011011
11101010101011110111111101
10111011100100101111110111
11111110001111001011000010
11011111101111011111110010
~~~~~~~~~~~~~~~~~~~~~~~~~~
