_____________
0111001111111
1111010100011
1111100110101
1011101100011
1011011101111
0111111100011
0010111011001
1101011010111
1101011010110
0100111111100
1011101100011
1110001110111
1111111001111
0101111110110
1011001010110
1100010001010
~~~~~~~~~~~~~
