_____________
 XXX  XXXXXXX
XXXX X X   XX
XXXXX  XX X X
X XXX XX   XX
X XX XXX XXXX
 XXXXXXX   XX
  X XXX XX  X
XX X XX X XXX
XX X XX X XX 
 X  XXXXXXX  
X XXX XX   XX
XXX   XXX XXX
XXXXXXX  XXXX
 X XXXXXX XX 
X XX  X X XX 
XX   X   X X 
~~~~~~~~~~~~~
