_______________
111111110010110
001100111100111
000011011011101
010011101100111
011101010010100
100101111110001
111010011101111
000110101110110
111110110101110
011111110101111
111011001100101
111101101111110
111011111011101
011111111101100
101111010111010
011010111101010
101111010101111
111011111111111
111101110111011
010100010111011
001011101010111
111111111001100
101111011001001
~~~~~~~~~~~~~~~
