___________________________
XX XX XXX X    X XXXXX X XX
XX   XXX X  XXX  XXXX XX XX
 X XXXXXXXX  XXXXX   XXXXX 
X XX X XX XX XXXX XXXX  X  
X X    XXXXX X XX XXX XXX X
XX XXXX XX XXX XXX  X XX X 
XX XXXX  X  XX X  XXXXXXXXX
XXXXX  X XXX    XXX  X XXXX
 XXX X XX  X X X X XXX XX  
XXXX XX  X XX XXXXX  XXXXX 
XXXXX X XX XXXX    X XX XX 
X  XXX X XXXX XX  XXX XXX X
X  XXX X XX  XXXX XX   X XX
  XXXX  XX   XXXXX XXX XXXX
XXXXXX   X XXXX XXXXX XXXXX
XX   XXXXXXXX XX X   X X X 
XXX XXXX XXXX X X   XXXX X 
X XXXX XXXXXX X  X  X  XX  
XXX  XXXX XXXXXXXXXX XXXXXX
XX X X X X  XX XXXXXXXXXXXX
XXX  X XXXXXXXXX XXX XX  X 
 XXX XXXX XX   XXXXX XXX  X
 X XXXX X X XXX   X   X XXX
~~~~~~~~~~~~~~~~~~~~~~~~~~~
