___________________________
110110111010000101111101011
110001110100111001111011011
010111111110011111000111110
101101011011011110111100100
101000011111010110111011101
110111101101110111001011010
110111100100110100111111111
111110010111000011100101111
011101011001010101011101100
111101100101101111100111110
111110101101111000010110110
100111010111101100111011101
100111010110011110110001011
001111001100011111011101111
111111000101111011111011111
110001111111101101000101010
111011110111101010001111010
101111011111101001001001100
111001111011111111110111111
110101010100110111111111111
111001011111111101110110010
011101111011000111110111001
010111101010111000100010111
~~~~~~~~~~~~~~~~~~~~~~~~~~~
