_____________
^^v %v^  v%v%
%%v ^%vv%^^^%
%^%%%%% v%^v^
v ^% %^^%%%^%
v%^^%%%% %v^%
v^v%v%%v%vvvv
v%^%v^^%%^^% 
%v% ^v%%v%%v%
%  %v%%%%% % 
^^^^%^ %%v^ v
 ^^ ^^ ^^^  ^
~~~~~~~~~~~~~
