_____________
1100101000101
0010110001111
1100110011111
1110011110001
1111111001101
1011111011010
0011011111111
1001010011101
0111111101011
1100111101101
0101011010000
1011111111111
0111011111110
1101100110010
1010101101101
1110011111111
1001011111010
1001111111010
1111110110100
0000100111001
0110110111001
~~~~~~~~~~~~~
