_____________
XX  X X   X X
  X XX   XXXX
XX  XX  XXXXX
XXX  XXXX   X
XXXXXXX  XX X
X XXXXX XX X 
  XX XXXXXXXX
X  X X  XXX X
 XXXXXXX X XX
XX  XXXX XX X
 X X XX X    
X XXXXXXXXXXX
 XXX XXXXXXX 
XX XX  XX  X 
X X X XX XX X
XXX  XXXXXXXX
X  X XXXXX X 
X  XXXXXXX X 
XXXXXX XX X  
    X  XXX  X
 XX XX XXX  X
~~~~~~~~~~~~~
