__________________________
v%%%%v^v%% %vv%%%^ % ^%%vv
%%v%%%v %% ^v%%%%v%%^^%^v 
^%vv%vv^v %% %v%%^%%^%^%% 
v%%^^^%  v%%%%%%v%^v% v %%
^%% %v%^^%% v%^^  ^%v%%%v 
%%^%^%^%%vv^vv^%v^v%^%%%^%
%%%v%^^v^%^v   ^%%%%%%%^v^
vv  %^ v%%%%% %%%v%%v%^% %
v^%^v v  ^%v v^^ ^%  v%^%%
 %%%%v^vvv%^^^^^% %^^%%^vv
%^%v% %v% ^v^^%^v%%%%%^%v%
%%^%%%%vv %%%% v%v%%vv  % 
~~~~~~~~~~~~~~~~~~~~~~~~~~
