______
%%^^ %
^%%%^%
%v%%vv
^^^%vv
%%%%v%
^^^  ^
~~~~~~
