_____________
XXXXXX    XXX
XXXXXXXXX XXX
X  XXX X X X 
XXXX  XX XX X
XX XXXXX    X
XXXXXX    X  
  X XX X X  X
XXXX  X    XX
X XXXXX  XXX 
  X XXX X  X 
X XX XX X  X 
 X XX XXXX XX
XXX XXXXXXXXX
~~~~~~~~~~~~~
