_________
011111111
011010111
001111111
011011101
001011101
110100101
010001000
110110011
110111111
111011111
001111011
100101101
~~~~~~~~~
