_______________________
11111101111100101111111
01111111000010101100111
01001110101011001111101
11011101111101011101010
11111101101101100101100
11010111100101010111001
11100111110111001111111
01110010111111000010001
01111111000101111010101
01111111011101100110111
10100110111110001111110
11101111101011111000111
10101011100111110001011
00100111001111101110110
01110101111100111101111
11111010110011110111011
11100000001000111111010
01110011011110110001110
10111111111111111011110
01101111000111101010111
11101011010111110110111
11010100010101011011111
10101110111010000111101
~~~~~~~~~~~~~~~~~~~~~~~
