____
 X X
XXXX
XX X
 X X
XX X
 XXX
  X 
XXX 
 XX 
XX X
XXX 
 XXX
XXX 
X  X
 XXX
X  X
 XXX
XX  
~~~~
