______
XXXX X
XX   X
XXXXXX
 XXX X
X XX  
XXXXXX
XXXX  
   XXX
XXXX X
XXXXXX
XXX  X
~~~~~~
