____
0101
1111
1101
0101
1101
0111
0010
1110
0110
1101
1110
0111
1110
1001
0111
1001
0111
1100
~~~~
