_____________
1101101110011
0111101111110
1111111111100
1100110011101
1001011110111
1110101111111
1011111111110
1100100011111
1001111100101
0001111111100
0111110011001
1111101011101
0111101011111
1111010100111
1111001101110
1011100110111
0111101111110
~~~~~~~~~~~~~
