________________________
110110100111111111110111
111111011111101101101011
011110101111101000110111
111001111100000111111110
100011111011111110101011
010001111101101100011111
010010011110110011111110
110001110110111111111111
000010111111111011111111
110001101010101111111111
011011110101110010101100
111101111111101111101110
101010010110111101011111
011011111100101111011110
011111110000011001101011
111101111000101111101111
100011111011000111010111
~~~~~~~~~~~~~~~~~~~~~~~~
